<html>
<body>
<pre>
<h1>µVision Build Log</h1>
<h2>Tool Versions:</h2>
IDE-Version: µVision V5.33.0.0
Copyright (C) 2020 ARM Ltd and ARM Germany GmbH. All rights reserved.
License Information: Louis Bob Louis, NCKU Formula Racing, LIC=----
 
Tool Versions:
Toolchain:       MDK-Lite  Version: 5.33.0.0
Toolchain Path:  C:\Keil_v5\ARM\ARMCC\Bin
C Compiler:      Armcc.exe V5.06 update 7 (build 960)
Assembler:       Armasm.exe V5.06 update 7 (build 960)
Linker/Locator:  ArmLink.exe V5.06 update 7 (build 960)
Library Manager: ArmAr.exe V5.06 update 7 (build 960)
Hex Converter:   FromElf.exe V5.06 update 7 (build 960)
CPU DLL:         SARMCM3.DLL V5.33.0.0
Dialog DLL:      DCM.DLL V1.17.3.0
Target DLL:      STLink\ST-LINKIII-KEIL_SWO.dll V3.0.8.0
Dialog DLL:      TCM.DLL V1.48.0.0
 
<h2>Project:</h2>
C:\Users\Bob Louis\Documents\cubeMX\project\APPS_external_interrupt_watchdog\MDK-ARM\APPS_external_interrupt_watchdog.uvprojx
Project File Date:  04/08/2021

<h2>Output:</h2>
*** Using Compiler 'V5.06 update 7 (build 960)', folder: 'C:\Keil_v5\ARM\ARMCC\Bin'
Build target 'APPS_external_interrupt_watchdog'
assembling startup_stm32f407xx.s...
compiling stm32f4xx_hal_msp.c...
compiling dma.c...
compiling main.c...
../Core/Src/main.c(439): warning:  #186-D: pointless comparison of unsigned integer with zero
  		else if(APPSR>APPSRUPPEST || APPSL>APPSLUPPEST || BPPS>BPPSUPPEST||APPSR<APPSRLOWEST || APPSL<APPSLLOWEST ||BPPS<BPPSLOWEST){
../Core/Src/main.c(439): warning:  #186-D: pointless comparison of unsigned integer with zero
  		else if(APPSR>APPSRUPPEST || APPSL>APPSLUPPEST || BPPS>BPPSUPPEST||APPSR<APPSRLOWEST || APPSL<APPSLLOWEST ||BPPS<BPPSLOWEST){
../Core/Src/main.c(439): warning:  #186-D: pointless comparison of unsigned integer with zero
  		else if(APPSR>APPSRUPPEST || APPSL>APPSLUPPEST || BPPS>BPPSUPPEST||APPSR<APPSRLOWEST || APPSL<APPSLLOWEST ||BPPS<BPPSLOWEST){
../Core/Src/main.c(81): warning:  #177-D: variable "TxMessage_left"  was declared but never referenced
  static CAN_TxHeaderTypeDef TxMessage_left;
../Core/Src/main.c: 4 warnings, 0 errors
compiling stm32f4xx_hal_adc_ex.c...
compiling tim.c...
compiling stm32f4xx_it.c...
compiling iwdg.c...
compiling stm32f4xx_hal_adc.c...
compiling gpio.c...
compiling can.c...
compiling adc.c...
compiling stm32f4xx_hal_flash.c...
compiling stm32f4xx_hal_flash_ex.c...
compiling stm32f4xx_hal_cortex.c...
compiling stm32f4xx_hal_flash_ramfunc.c...
compiling stm32f4xx_hal_pwr.c...
compiling stm32f4xx_hal_gpio.c...
compiling stm32f4xx_hal_rcc_ex.c...
compiling stm32f4xx_hal_rcc.c...
compiling stm32f4xx_hal_dma.c...
compiling stm32f4xx_hal_dma_ex.c...
compiling stm32f4xx_hal_pwr_ex.c...
compiling stm32f4xx_hal_iwdg.c...
compiling stm32f4xx_hal.c...
compiling stm32f4xx_hal_tim_ex.c...
compiling system_stm32f4xx.c...
compiling stm32f4xx_hal_exti.c...
compiling stm32f4xx_hal_can.c...
compiling stm32f4xx_hal_tim.c...
linking...
Program Size: Code=10004 RO-data=448 RW-data=72 ZI-data=1360  
FromELF: creating hex file...
"APPS_external_interrupt_watchdog\APPS_external_interrupt_watchdog.axf" - 0 Error(s), 4 Warning(s).

<h2>Software Packages used:</h2>

Package Vendor: ARM
                http://www.keil.com/pack/ARM.CMSIS.5.7.0.pack
                ARM.CMSIS.5.7.0
                CMSIS (Cortex Microcontroller Software Interface Standard)
   * Component: CORE Version: 5.4.0

Package Vendor: Keil
                http://www.keil.com/pack/Keil.STM32F4xx_DFP.2.15.0.pack
                Keil.STM32F4xx_DFP.2.15.0
                STMicroelectronics STM32F4 Series Device Support, Drivers and Examples

<h2>Collection of Component include folders:</h2>
  .\RTE\_APPS_external_interrupt_watchdog
  C:\Users\Bob Louis\AppData\Local\Arm\Packs\ARM\CMSIS\5.7.0\CMSIS\Core\Include
  C:\Users\Bob Louis\AppData\Local\Arm\Packs\Keil\STM32F4xx_DFP\2.15.0\Drivers\CMSIS\Device\ST\STM32F4xx\Include

<h2>Collection of Component Files used:</h2>

   * Component: ARM::CMSIS:CORE:5.4.0
Build Time Elapsed:  00:00:21
</pre>
</body>
</html>
